// Jest Snapshot v1, https://goo.gl/fbAQLP

exports[`Express Server Setup should match the app setup snapshot 1`] = `[Function]`;
